
> liveboard@0.1.0 build
> next build

  Γû▓ Next.js 14.2.35
  - Environments: .env.local

   Creating an optimized production build ...
node.exe : Failed to 
compile.
At line:1 char:1
+ & "C:\Program Files\
nodejs/node.exe" 
"C:\Program 
Files\nodejs/node_mo 
...
+ ~~~~~~~~~~~~~~~~~~~~
~~~~~~~~~~~~~~~~~~~~~~
~~~~~~~~~~~~~~~~~~~~~~
~~~~~
    + CategoryInfo    
          : NotSpeci  
  fied: (Failed to    
 compile.:String)     
[], RemoteExcepti    
on
    + FullyQualifiedE 
   rrorId : NativeCo  
  mmandError
 

./src/app/[boardId]/pa
ge.tsx
Error: 
  [31mx[0m 
Expression expected
    ,-[[36;1;4mC:\Use
rs\Ahdfa\OneDrive\Desk
top\Projects\Liveboard
\src\app\[boardId]\pag
e.tsx[0m:23:1]
 [2m23[0m |   );
 [2m24[0m | }
 [2m25[0m | 
 [2m26[0m | <div cla
ssName={styles.page}>
    : [31;1m         
                   
^[0m
 [2m27[0m | 
 [2m28[0m | 
 [2m29[0m |   {/* 
Toolbar */}
    `----

  [31mx[0m 
Unexpected token 
`main`. Expected jsx 
identifier
    ,-[[36;1;4mC:\Use
rs\Ahdfa\OneDrive\Desk
top\Projects\Liveboard
\src\app\[boardId]\pag
e.tsx[0m:30:1]
 [2m30[0m |   
<Toolbar />
 [2m31[0m | 
 [2m32[0m |   {/* 
Canvas */}
 [2m33[0m |   <main 
className={styles.main
}>
    : [31;1m   
^^^^[0m
 [2m34[0m |     
<Canvas />
 [2m35[0m |   
</main>
 [2m36[0m | </div>
    `----

Caused by:
    Syntax Error

Import trace for 
requested module:
./src/app/[boardId]/pa
ge.tsx


> Build failed 
because of webpack 
errors
